LTspice 26.0.1 for Windows
Circuit: C:\Users\amay355\OneDrive - The University of Auckland\Desktop\ELECTENG-310-Project-1-Group-2-\kiefer\Receiver_updated - Redesign Attempt Alexander.net
Start Time: Sun May  3 18:17:46 2026
solver = Normal
Maximum thread count: 24
tnom = 27
temp = 27
method = trap
WARNING: Node nc_01 is floating.
WARNING: Node nc_02 is floating.

Early termination of direct N-R iteration.
Direct Newton iteration failed to find operating point.
Starting Gmin stepping
Gmin stepping succeeded in finding the operating point.

Warning: Simulation tolerance relaxed to achieve convergence from 2.5122325023501435e-01 to 2.5122325023501541e-01 seconds.
Total elapsed time: 11.614 seconds.

Files loaded:
C:\Users\amay355\OneDrive - The University of Auckland\Desktop\ELECTENG-310-Project-1-Group-2-\kiefer\Receiver_updated - Redesign Attempt Alexander.net
C:\Users\amay355\AppData\Local\LTspice\lib\cmp\standard.dio
C:\Users\amay355\OneDrive - The University of Auckland\Desktop\ELECTENG-310-Project-1-Group-2-\kiefer\TLC081.mod
C:\Users\amay355\AppData\Local\LTspice\lib\sub\NE555.sub

