LTspice 26.0.1 for Windows
Circuit: C:\Users\mikae\Documents\ELECTENG-310-Project-1-Group-2-\kiefer\Receiver_finished.net
Start Time: Tue May  5 16:52:14 2026
solver = Normal
Maximum thread count: 12
tnom = 27
temp = 27
method = trap
Early termination of direct N-R iteration.
Direct Newton iteration failed to find operating point.
Starting Gmin stepping
Gmin stepping failed to find operating point. Use".option gminsteps=0" to skip all Gmin stepping.
Starting source stepping with srcstepmethod=0
Source stepping succeeded in finding the operating point.


Simulation stopped by user.
Total elapsed time: 227.172 seconds.

Files loaded:
C:\Users\mikae\Documents\ELECTENG-310-Project-1-Group-2-\kiefer\Receiver_finished.net
C:\Users\mikae\AppData\Local\LTspice\lib\cmp\standard.dio
C:\Users\mikae\Documents\ELECTENG-310-Project-1-Group-2-\kiefer\TLC081.mod

