LTspice 26.0.1 for Windows
Circuit: C:\Users\amay355\OneDrive - The University of Auckland\Desktop\ELECTENG-310-Project-1-Group-2-\kiefer\Receiver_updated - Alexander.net
Start Time: Fri May  1 17:37:35 2026
solver = Normal
Maximum thread count: 24
tnom = 27
temp = 27
method = trap
WARNING: Node nc_01 is floating.
WARNING: Node nc_02 is floating.

Early termination of direct N-R iteration.
Direct Newton iteration failed to find operating point.
Starting Gmin stepping
Gmin stepping succeeded in finding the operating point.

Warning: Simulation tolerance relaxed to achieve convergence from 4.2742601899765302e-02 to 4.2742601899765406e-02 seconds.

Simulation stopped by user.
Total elapsed time: 2.304 seconds.

Files loaded:
C:\Users\amay355\OneDrive - The University of Auckland\Desktop\ELECTENG-310-Project-1-Group-2-\kiefer\Receiver_updated - Alexander.net
C:\Users\amay355\AppData\Local\LTspice\lib\cmp\standard.dio
C:\Users\amay355\OneDrive - The University of Auckland\Desktop\ELECTENG-310-Project-1-Group-2-\kiefer\TLC081.mod
C:\Users\amay355\AppData\Local\LTspice\lib\sub\NE555.sub

